Patrick
Fred
Pad
Freddie
Rick
Helpful
Patrick goes
