beds
brother
capricious
cough
creature
develop
economic
fabulous
faithful
flavor
fool
found
grandmother
hate
impulse
jam
jittery
kiss
kitty
knowing
mitten
moan
mute
natural
obscene
ocean
odd
order
parcel
quiet
remind
rightful
roomy
rose
rush
shirt
slimy
smoggy
spiky
suffer
suggest
swanky
tidy
tire
tooth
undress
unsuitable
wary
white
worried
