slimy
flavor
quiet
capricious
develop
fool
found
grandmother
hate
impulse
jam
kitty
mitten
moan
mute
obscene
rightful
rose
spiky
swanky
tidy
unsuitable
wary
