Gilbert
Ashley
Jarvis 
Ronny  
Douglas 
Casey 
Kerry
Toby 
Dean 
Calvin 
Rudolf  
Demarcus  
Ernie 
Abraham
Brandon   
Eugene
Chet   
Alphonse
Teodoro
Rickie 
Alfredo
Jaime
Vincenzo
Bradley
Herschel   
Jamie   
Edmundo   
Norbert   
Diego   
Ruben   
Morton   
Brendon   
Clyde  
Jack   
Ron  
Morris   
Tory   
Lee   
Scott   
Elden   
Walker   

Salvatore   
Lino   
Dusty   
Otha  
Jude
Dino
Bernard   
Alfonso
