jam
fool
hate
moan
mute
rose
tidy
wary
found
kitty
quiet
slimy
spiky
flavor
mitten
swanky
develop
impulse
obscene
rightful
capricious
unsuitable
grandmother
