soap
clock
CD
chalk
eraser
cell phone
sticky note
food
thermometer
tv
USB drive
bottle cap
spring
outlet
drawer
balloon
fork
cookie jar
coasters
hair brush
sand paper
fake flowers
soda can
shirt
plastic fork
washing machine
couch
car
controller
